INFO	2024-08-11 17:31:35,835	0	com.yomahub.liteflow.core.FlowExecutor	[Test worker]	flow info loaded from local file,path=liteflow/flow.xml,format type=xml
INFO	2024-08-11 17:38:44,186	0	com.yomahub.liteflow.core.FlowExecutor	[Test worker]	flow info loaded from local file,path=liteflow/flow.xml
ERROR	2024-08-11 17:38:44,300	114	com.yomahub.liteflow.core.FlowExecutor	[Test worker]	no el in this chain[chain1]
com.yomahub.liteflow.exception.FlowSystemException: no el in this chain[chain1]
	at com.yomahub.liteflow.builder.el.LiteFlowChainELBuilder.setEL(LiteFlowChainELBuilder.java:184)
	at com.yomahub.liteflow.parser.helper.ParserHelper.parseOneChainEl(ParserHelper.java:369)
	at com.yomahub.liteflow.parser.el.XmlFlowELParser.parseOneChain(XmlFlowELParser.java:20)
	at com.yomahub.liteflow.parser.helper.ParserHelper.parseChainDocument(ParserHelper.java:199)
	at com.yomahub.liteflow.parser.base.BaseXmlFlowParser.parse(BaseXmlFlowParser.java:40)
	at com.yomahub.liteflow.parser.el.LocalXmlFlowELParser.parseMain(LocalXmlFlowELParser.java:18)
	at com.yomahub.liteflow.core.FlowExecutor.init(FlowExecutor.java:175)
	at com.yomahub.liteflow.core.FlowExecutor.<init>(FlowExecutor.java:78)
	at com.yomahub.liteflow.core.FlowExecutorHolder.loadInstance(FlowExecutorHolder.java:16)
	at com.muxu.demo.spring.utils.liteflow.FlowExecutorTest.test(FlowExecutorTest.kt:15)
	at java.base/jdk.internal.reflect.DirectMethodHandleAccessor.invoke(DirectMethodHandleAccessor.java:103)
	at java.base/java.lang.reflect.Method.invoke(Method.java:580)
	at org.junit.runners.model.FrameworkMethod$1.runReflectiveCall(FrameworkMethod.java:59)
	at org.junit.internal.runners.model.ReflectiveCallable.run(ReflectiveCallable.java:12)
	at org.junit.runners.model.FrameworkMethod.invokeExplosively(FrameworkMethod.java:56)
	at org.junit.internal.runners.statements.InvokeMethod.evaluate(InvokeMethod.java:17)
	at org.junit.runners.ParentRunner$3.evaluate(ParentRunner.java:306)
	at org.junit.runners.BlockJUnit4ClassRunner$1.evaluate(BlockJUnit4ClassRunner.java:100)
	at org.junit.runners.ParentRunner.runLeaf(ParentRunner.java:366)
	at org.junit.runners.BlockJUnit4ClassRunner.runChild(BlockJUnit4ClassRunner.java:103)
	at org.junit.runners.BlockJUnit4ClassRunner.runChild(BlockJUnit4ClassRunner.java:63)
	at org.junit.runners.ParentRunner$4.run(ParentRunner.java:331)
	at org.junit.runners.ParentRunner$1.schedule(ParentRunner.java:79)
	at org.junit.runners.ParentRunner.runChildren(ParentRunner.java:329)
	at org.junit.runners.ParentRunner.access$100(ParentRunner.java:66)
	at org.junit.runners.ParentRunner$2.evaluate(ParentRunner.java:293)
	at org.junit.runners.ParentRunner$3.evaluate(ParentRunner.java:306)
	at org.junit.runners.ParentRunner.run(ParentRunner.java:413)
	at org.gradle.api.internal.tasks.testing.junit.JUnitTestClassExecutor.runTestClass(JUnitTestClassExecutor.java:112)
	at org.gradle.api.internal.tasks.testing.junit.JUnitTestClassExecutor.execute(JUnitTestClassExecutor.java:58)
	at org.gradle.api.internal.tasks.testing.junit.JUnitTestClassExecutor.execute(JUnitTestClassExecutor.java:40)
	at org.gradle.api.internal.tasks.testing.junit.AbstractJUnitTestClassProcessor.processTestClass(AbstractJUnitTestClassProcessor.java:60)
	at org.gradle.api.internal.tasks.testing.SuiteTestClassProcessor.processTestClass(SuiteTestClassProcessor.java:52)
	at java.base/jdk.internal.reflect.DirectMethodHandleAccessor.invoke(DirectMethodHandleAccessor.java:103)
	at java.base/java.lang.reflect.Method.invoke(Method.java:580)
	at org.gradle.internal.dispatch.ReflectionDispatch.dispatch(ReflectionDispatch.java:36)
	at org.gradle.internal.dispatch.ReflectionDispatch.dispatch(ReflectionDispatch.java:24)
	at org.gradle.internal.dispatch.ContextClassLoaderDispatch.dispatch(ContextClassLoaderDispatch.java:33)
	at org.gradle.internal.dispatch.ProxyDispatchAdapter$DispatchingInvocationHandler.invoke(ProxyDispatchAdapter.java:94)
	at jdk.proxy1/jdk.proxy1.$Proxy2.processTestClass(Unknown Source)
	at org.gradle.api.internal.tasks.testing.worker.TestWorker$2.run(TestWorker.java:176)
	at org.gradle.api.internal.tasks.testing.worker.TestWorker.executeAndMaintainThreadName(TestWorker.java:129)
	at org.gradle.api.internal.tasks.testing.worker.TestWorker.execute(TestWorker.java:100)
	at org.gradle.api.internal.tasks.testing.worker.TestWorker.execute(TestWorker.java:60)
	at org.gradle.process.internal.worker.child.ActionExecutionWorker.execute(ActionExecutionWorker.java:56)
	at org.gradle.process.internal.worker.child.SystemApplicationClassLoaderWorker.call(SystemApplicationClassLoaderWorker.java:113)
	at org.gradle.process.internal.worker.child.SystemApplicationClassLoaderWorker.call(SystemApplicationClassLoaderWorker.java:65)
	at worker.org.gradle.process.internal.worker.GradleWorkerMain.run(GradleWorkerMain.java:69)
	at worker.org.gradle.process.internal.worker.GradleWorkerMain.main(GradleWorkerMain.java:74)
INFO	2024-08-11 17:39:30,280	0	com.yomahub.liteflow.core.FlowExecutor	[Test worker]	flow info loaded from local file,path=liteflow/flow.xml
ERROR	2024-08-11 17:39:30,295	15	com.yomahub.liteflow.core.FlowExecutor	[Test worker]	Resource of path [liteflow/flow.xml] not exist!
cn.hutool.core.io.resource.NoResourceException: Resource of path [liteflow/flow.xml] not exist!
	at cn.hutool.core.io.resource.ClassPathResource.initUrl(ClassPathResource.java:122)
	at cn.hutool.core.io.resource.ClassPathResource.<init>(ClassPathResource.java:74)
	at cn.hutool.core.io.resource.ClassPathResource.<init>(ClassPathResource.java:34)
	at cn.hutool.core.io.resource.ResourceUtil.getResourceObj(ResourceUtil.java:230)
	at cn.hutool.core.io.resource.ResourceUtil.readUtf8Str(ResourceUtil.java:37)
	at com.yomahub.liteflow.spi.local.LocalPathContentParser.parseContent(LocalPathContentParser.java:41)
	at com.yomahub.liteflow.parser.el.LocalXmlFlowELParser.parseMain(LocalXmlFlowELParser.java:17)
	at com.yomahub.liteflow.core.FlowExecutor.init(FlowExecutor.java:175)
	at com.yomahub.liteflow.core.FlowExecutor.<init>(FlowExecutor.java:78)
	at com.yomahub.liteflow.core.FlowExecutorHolder.loadInstance(FlowExecutorHolder.java:16)
	at com.muxu.demo.spring.utils.liteflow.FlowExecutorTest.test(FlowExecutorTest.kt:15)
	at java.base/jdk.internal.reflect.DirectMethodHandleAccessor.invoke(DirectMethodHandleAccessor.java:103)
	at java.base/java.lang.reflect.Method.invoke(Method.java:580)
	at org.junit.runners.model.FrameworkMethod$1.runReflectiveCall(FrameworkMethod.java:59)
	at org.junit.internal.runners.model.ReflectiveCallable.run(ReflectiveCallable.java:12)
	at org.junit.runners.model.FrameworkMethod.invokeExplosively(FrameworkMethod.java:56)
	at org.junit.internal.runners.statements.InvokeMethod.evaluate(InvokeMethod.java:17)
	at org.junit.runners.ParentRunner$3.evaluate(ParentRunner.java:306)
	at org.junit.runners.BlockJUnit4ClassRunner$1.evaluate(BlockJUnit4ClassRunner.java:100)
	at org.junit.runners.ParentRunner.runLeaf(ParentRunner.java:366)
	at org.junit.runners.BlockJUnit4ClassRunner.runChild(BlockJUnit4ClassRunner.java:103)
	at org.junit.runners.BlockJUnit4ClassRunner.runChild(BlockJUnit4ClassRunner.java:63)
	at org.junit.runners.ParentRunner$4.run(ParentRunner.java:331)
	at org.junit.runners.ParentRunner$1.schedule(ParentRunner.java:79)
	at org.junit.runners.ParentRunner.runChildren(ParentRunner.java:329)
	at org.junit.runners.ParentRunner.access$100(ParentRunner.java:66)
	at org.junit.runners.ParentRunner$2.evaluate(ParentRunner.java:293)
	at org.junit.runners.ParentRunner$3.evaluate(ParentRunner.java:306)
	at org.junit.runners.ParentRunner.run(ParentRunner.java:413)
	at org.gradle.api.internal.tasks.testing.junit.JUnitTestClassExecutor.runTestClass(JUnitTestClassExecutor.java:112)
	at org.gradle.api.internal.tasks.testing.junit.JUnitTestClassExecutor.execute(JUnitTestClassExecutor.java:58)
	at org.gradle.api.internal.tasks.testing.junit.JUnitTestClassExecutor.execute(JUnitTestClassExecutor.java:40)
	at org.gradle.api.internal.tasks.testing.junit.AbstractJUnitTestClassProcessor.processTestClass(AbstractJUnitTestClassProcessor.java:60)
	at org.gradle.api.internal.tasks.testing.SuiteTestClassProcessor.processTestClass(SuiteTestClassProcessor.java:52)
	at java.base/jdk.internal.reflect.DirectMethodHandleAccessor.invoke(DirectMethodHandleAccessor.java:103)
	at java.base/java.lang.reflect.Method.invoke(Method.java:580)
	at org.gradle.internal.dispatch.ReflectionDispatch.dispatch(ReflectionDispatch.java:36)
	at org.gradle.internal.dispatch.ReflectionDispatch.dispatch(ReflectionDispatch.java:24)
	at org.gradle.internal.dispatch.ContextClassLoaderDispatch.dispatch(ContextClassLoaderDispatch.java:33)
	at org.gradle.internal.dispatch.ProxyDispatchAdapter$DispatchingInvocationHandler.invoke(ProxyDispatchAdapter.java:94)
	at jdk.proxy1/jdk.proxy1.$Proxy2.processTestClass(Unknown Source)
	at org.gradle.api.internal.tasks.testing.worker.TestWorker$2.run(TestWorker.java:176)
	at org.gradle.api.internal.tasks.testing.worker.TestWorker.executeAndMaintainThreadName(TestWorker.java:129)
	at org.gradle.api.internal.tasks.testing.worker.TestWorker.execute(TestWorker.java:100)
	at org.gradle.api.internal.tasks.testing.worker.TestWorker.execute(TestWorker.java:60)
	at org.gradle.process.internal.worker.child.ActionExecutionWorker.execute(ActionExecutionWorker.java:56)
	at org.gradle.process.internal.worker.child.SystemApplicationClassLoaderWorker.call(SystemApplicationClassLoaderWorker.java:113)
	at org.gradle.process.internal.worker.child.SystemApplicationClassLoaderWorker.call(SystemApplicationClassLoaderWorker.java:65)
	at worker.org.gradle.process.internal.worker.GradleWorkerMain.run(GradleWorkerMain.java:69)
	at worker.org.gradle.process.internal.worker.GradleWorkerMain.main(GradleWorkerMain.java:74)
INFO	2024-08-11 17:39:40,318	0	com.yomahub.liteflow.core.FlowExecutor	[Test worker]	flow info loaded from local file,path=liteflow/flow.el.xml
ERROR	2024-08-11 17:39:40,430	112	com.yomahub.liteflow.core.FlowExecutor	[Test worker]	no el in this chain[chain1]
com.yomahub.liteflow.exception.FlowSystemException: no el in this chain[chain1]
	at com.yomahub.liteflow.builder.el.LiteFlowChainELBuilder.setEL(LiteFlowChainELBuilder.java:184)
	at com.yomahub.liteflow.parser.helper.ParserHelper.parseOneChainEl(ParserHelper.java:369)
	at com.yomahub.liteflow.parser.el.XmlFlowELParser.parseOneChain(XmlFlowELParser.java:20)
	at com.yomahub.liteflow.parser.helper.ParserHelper.parseChainDocument(ParserHelper.java:199)
	at com.yomahub.liteflow.parser.base.BaseXmlFlowParser.parse(BaseXmlFlowParser.java:40)
	at com.yomahub.liteflow.parser.el.LocalXmlFlowELParser.parseMain(LocalXmlFlowELParser.java:18)
	at com.yomahub.liteflow.core.FlowExecutor.init(FlowExecutor.java:175)
	at com.yomahub.liteflow.core.FlowExecutor.<init>(FlowExecutor.java:78)
	at com.yomahub.liteflow.core.FlowExecutorHolder.loadInstance(FlowExecutorHolder.java:16)
	at com.muxu.demo.spring.utils.liteflow.FlowExecutorTest.test(FlowExecutorTest.kt:15)
	at java.base/jdk.internal.reflect.DirectMethodHandleAccessor.invoke(DirectMethodHandleAccessor.java:103)
	at java.base/java.lang.reflect.Method.invoke(Method.java:580)
	at org.junit.runners.model.FrameworkMethod$1.runReflectiveCall(FrameworkMethod.java:59)
	at org.junit.internal.runners.model.ReflectiveCallable.run(ReflectiveCallable.java:12)
	at org.junit.runners.model.FrameworkMethod.invokeExplosively(FrameworkMethod.java:56)
	at org.junit.internal.runners.statements.InvokeMethod.evaluate(InvokeMethod.java:17)
	at org.junit.runners.ParentRunner$3.evaluate(ParentRunner.java:306)
	at org.junit.runners.BlockJUnit4ClassRunner$1.evaluate(BlockJUnit4ClassRunner.java:100)
	at org.junit.runners.ParentRunner.runLeaf(ParentRunner.java:366)
	at org.junit.runners.BlockJUnit4ClassRunner.runChild(BlockJUnit4ClassRunner.java:103)
	at org.junit.runners.BlockJUnit4ClassRunner.runChild(BlockJUnit4ClassRunner.java:63)
	at org.junit.runners.ParentRunner$4.run(ParentRunner.java:331)
	at org.junit.runners.ParentRunner$1.schedule(ParentRunner.java:79)
	at org.junit.runners.ParentRunner.runChildren(ParentRunner.java:329)
	at org.junit.runners.ParentRunner.access$100(ParentRunner.java:66)
	at org.junit.runners.ParentRunner$2.evaluate(ParentRunner.java:293)
	at org.junit.runners.ParentRunner$3.evaluate(ParentRunner.java:306)
	at org.junit.runners.ParentRunner.run(ParentRunner.java:413)
	at org.gradle.api.internal.tasks.testing.junit.JUnitTestClassExecutor.runTestClass(JUnitTestClassExecutor.java:112)
	at org.gradle.api.internal.tasks.testing.junit.JUnitTestClassExecutor.execute(JUnitTestClassExecutor.java:58)
	at org.gradle.api.internal.tasks.testing.junit.JUnitTestClassExecutor.execute(JUnitTestClassExecutor.java:40)
	at org.gradle.api.internal.tasks.testing.junit.AbstractJUnitTestClassProcessor.processTestClass(AbstractJUnitTestClassProcessor.java:60)
	at org.gradle.api.internal.tasks.testing.SuiteTestClassProcessor.processTestClass(SuiteTestClassProcessor.java:52)
	at java.base/jdk.internal.reflect.DirectMethodHandleAccessor.invoke(DirectMethodHandleAccessor.java:103)
	at java.base/java.lang.reflect.Method.invoke(Method.java:580)
	at org.gradle.internal.dispatch.ReflectionDispatch.dispatch(ReflectionDispatch.java:36)
	at org.gradle.internal.dispatch.ReflectionDispatch.dispatch(ReflectionDispatch.java:24)
	at org.gradle.internal.dispatch.ContextClassLoaderDispatch.dispatch(ContextClassLoaderDispatch.java:33)
	at org.gradle.internal.dispatch.ProxyDispatchAdapter$DispatchingInvocationHandler.invoke(ProxyDispatchAdapter.java:94)
	at jdk.proxy1/jdk.proxy1.$Proxy2.processTestClass(Unknown Source)
	at org.gradle.api.internal.tasks.testing.worker.TestWorker$2.run(TestWorker.java:176)
	at org.gradle.api.internal.tasks.testing.worker.TestWorker.executeAndMaintainThreadName(TestWorker.java:129)
	at org.gradle.api.internal.tasks.testing.worker.TestWorker.execute(TestWorker.java:100)
	at org.gradle.api.internal.tasks.testing.worker.TestWorker.execute(TestWorker.java:60)
	at org.gradle.process.internal.worker.child.ActionExecutionWorker.execute(ActionExecutionWorker.java:56)
	at org.gradle.process.internal.worker.child.SystemApplicationClassLoaderWorker.call(SystemApplicationClassLoaderWorker.java:113)
	at org.gradle.process.internal.worker.child.SystemApplicationClassLoaderWorker.call(SystemApplicationClassLoaderWorker.java:65)
	at worker.org.gradle.process.internal.worker.GradleWorkerMain.run(GradleWorkerMain.java:69)
	at worker.org.gradle.process.internal.worker.GradleWorkerMain.main(GradleWorkerMain.java:74)
INFO	2024-08-11 17:40:37,841	0	com.yomahub.liteflow.core.FlowExecutor	[Test worker]	flow info loaded from local file,path=liteflow/flow.el.xml
INFO	2024-08-11 17:40:37,964	123	com.yomahub.liteflow.core.FlowExecutor	[Test worker]	flow info loaded from local file,path=liteflow/flow.el.xml
INFO	2024-08-11 17:40:37,970	129	com.yomahub.liteflow.core.FlowExecutor	[Test worker]	[48ad407dab8e4addb2f35e9ba2c863ab]:requestId has generated
INFO	2024-08-11 17:40:37,970	129	com.yomahub.liteflow.core.FlowExecutor	[Test worker]	[48ad407dab8e4addb2f35e9ba2c863ab]:slot[0] offered
INFO	2024-08-11 17:40:37,970	129	com.yomahub.liteflow.flow.element.Node	[Test worker]	[48ad407dab8e4addb2f35e9ba2c863ab]:[O]start component[a] execution
INFO	2024-08-11 17:40:37,972	131	com.muxu.demo.spring.utils.liteflow.ACmp	[Test worker]	[48ad407dab8e4addb2f35e9ba2c863ab]:component[a] finished in 0 milliseconds
INFO	2024-08-11 17:40:37,972	131	com.yomahub.liteflow.flow.element.Node	[Test worker]	[48ad407dab8e4addb2f35e9ba2c863ab]:[O]start component[b] execution
INFO	2024-08-11 17:40:37,972	131	com.muxu.demo.spring.utils.liteflow.BCmp	[Test worker]	[48ad407dab8e4addb2f35e9ba2c863ab]:component[b] finished in 0 milliseconds
INFO	2024-08-11 17:40:37,972	131	com.yomahub.liteflow.flow.element.Node	[Test worker]	[48ad407dab8e4addb2f35e9ba2c863ab]:[O]start component[c] execution
INFO	2024-08-11 17:40:37,972	131	com.muxu.demo.spring.utils.liteflow.CCmp	[Test worker]	[48ad407dab8e4addb2f35e9ba2c863ab]:component[c] finished in 0 milliseconds
INFO	2024-08-11 17:40:37,972	131	com.yomahub.liteflow.slot.Slot	[Test worker]	[48ad407dab8e4addb2f35e9ba2c863ab]:CHAIN_NAME[chain1]
a<0>==>b<0>==>c<0>
INFO	2024-08-11 17:40:37,972	131	com.yomahub.liteflow.slot.DataBus	[Test worker]	[48ad407dab8e4addb2f35e9ba2c863ab]:slot[0] released
INFO	2024-08-11 19:35:53,759	0	com.yomahub.liteflow.core.FlowExecutor	[Test worker]	flow info loaded from local file,path=liteflow/flow.el.xml
INFO	2024-08-11 19:35:53,884	125	com.yomahub.liteflow.core.FlowExecutor	[Test worker]	flow info loaded from local file,path=liteflow/flow.el.xml
INFO	2024-08-11 19:35:53,888	129	com.yomahub.liteflow.core.FlowExecutor	[Test worker]	[735abad49cc8408380441efcf5fff581]:requestId has generated
INFO	2024-08-11 19:35:53,888	129	com.yomahub.liteflow.core.FlowExecutor	[Test worker]	[735abad49cc8408380441efcf5fff581]:slot[0] offered
INFO	2024-08-11 19:35:53,889	130	com.yomahub.liteflow.flow.element.Node	[Test worker]	[735abad49cc8408380441efcf5fff581]:[O]start component[a] execution
INFO	2024-08-11 19:35:53,891	132	com.yomahub.liteflow.slot.Slot	[Test worker]	[735abad49cc8408380441efcf5fff581]:ChainId[chain1], Context class:cn.hutool.core.lang.Tuple,Request contextBeanKey:map
INFO	2024-08-11 19:35:53,893	134	com.muxu.demo.spring.utils.liteflow.ACmp	[Test worker]	[735abad49cc8408380441efcf5fff581]:component[a] finished in 1 milliseconds
ERROR	2024-08-11 19:35:53,893	134	com.yomahub.liteflow.flow.element.Node	[Test worker]	[735abad49cc8408380441efcf5fff581]:component[a] cause error,error:this context key is not defined
ERROR	2024-08-11 19:35:53,893	134	com.yomahub.liteflow.core.FlowExecutor	[Test worker]	[735abad49cc8408380441efcf5fff581]:chain[chain1] execute error on slot[0]
com.yomahub.liteflow.exception.NoSuchContextBeanException: this context key is not defined
	at com.yomahub.liteflow.slot.Slot.getContextBean(Slot.java:473)
	at com.yomahub.liteflow.core.NodeComponent.getContextBean(NodeComponent.java:262)
	at com.muxu.demo.spring.utils.liteflow.ACmp.process(FlowExecutorTest.kt:28)
	at com.yomahub.liteflow.core.NodeComponent.execute(NodeComponent.java:108)
	at com.yomahub.liteflow.flow.executor.NodeExecutor.execute(NodeExecutor.java:32)
	at com.yomahub.liteflow.flow.executor.DefaultNodeExecutor.execute(DefaultNodeExecutor.java:15)
	at com.yomahub.liteflow.flow.element.Node.execute(Node.java:154)
	at com.yomahub.liteflow.flow.element.condition.ThenCondition.executeCondition(ThenCondition.java:44)
	at com.yomahub.liteflow.flow.element.Condition.execute(Condition.java:57)
	at com.yomahub.liteflow.flow.element.Chain.execute(Chain.java:106)
	at com.yomahub.liteflow.core.FlowExecutor.doExecute(FlowExecutor.java:455)
	at com.yomahub.liteflow.core.FlowExecutor.execute2Resp(FlowExecutor.java:369)
	at com.yomahub.liteflow.core.FlowExecutor.execute2Resp(FlowExecutor.java:283)
	at com.yomahub.liteflow.core.FlowExecutor.execute2Resp(FlowExecutor.java:278)
	at com.muxu.demo.spring.utils.liteflow.FlowExecutorTest.test(FlowExecutorTest.kt:16)
	at java.base/jdk.internal.reflect.DirectMethodHandleAccessor.invoke(DirectMethodHandleAccessor.java:103)
	at java.base/java.lang.reflect.Method.invoke(Method.java:580)
	at org.junit.runners.model.FrameworkMethod$1.runReflectiveCall(FrameworkMethod.java:59)
	at org.junit.internal.runners.model.ReflectiveCallable.run(ReflectiveCallable.java:12)
	at org.junit.runners.model.FrameworkMethod.invokeExplosively(FrameworkMethod.java:56)
	at org.junit.internal.runners.statements.InvokeMethod.evaluate(InvokeMethod.java:17)
	at org.junit.runners.ParentRunner$3.evaluate(ParentRunner.java:306)
	at org.junit.runners.BlockJUnit4ClassRunner$1.evaluate(BlockJUnit4ClassRunner.java:100)
	at org.junit.runners.ParentRunner.runLeaf(ParentRunner.java:366)
	at org.junit.runners.BlockJUnit4ClassRunner.runChild(BlockJUnit4ClassRunner.java:103)
	at org.junit.runners.BlockJUnit4ClassRunner.runChild(BlockJUnit4ClassRunner.java:63)
	at org.junit.runners.ParentRunner$4.run(ParentRunner.java:331)
	at org.junit.runners.ParentRunner$1.schedule(ParentRunner.java:79)
	at org.junit.runners.ParentRunner.runChildren(ParentRunner.java:329)
	at org.junit.runners.ParentRunner.access$100(ParentRunner.java:66)
	at org.junit.runners.ParentRunner$2.evaluate(ParentRunner.java:293)
	at org.junit.runners.ParentRunner$3.evaluate(ParentRunner.java:306)
	at org.junit.runners.ParentRunner.run(ParentRunner.java:413)
	at org.gradle.api.internal.tasks.testing.junit.JUnitTestClassExecutor.runTestClass(JUnitTestClassExecutor.java:112)
	at org.gradle.api.internal.tasks.testing.junit.JUnitTestClassExecutor.execute(JUnitTestClassExecutor.java:58)
	at org.gradle.api.internal.tasks.testing.junit.JUnitTestClassExecutor.execute(JUnitTestClassExecutor.java:40)
	at org.gradle.api.internal.tasks.testing.junit.AbstractJUnitTestClassProcessor.processTestClass(AbstractJUnitTestClassProcessor.java:60)
	at org.gradle.api.internal.tasks.testing.SuiteTestClassProcessor.processTestClass(SuiteTestClassProcessor.java:52)
	at java.base/jdk.internal.reflect.DirectMethodHandleAccessor.invoke(DirectMethodHandleAccessor.java:103)
	at java.base/java.lang.reflect.Method.invoke(Method.java:580)
	at org.gradle.internal.dispatch.ReflectionDispatch.dispatch(ReflectionDispatch.java:36)
	at org.gradle.internal.dispatch.ReflectionDispatch.dispatch(ReflectionDispatch.java:24)
	at org.gradle.internal.dispatch.ContextClassLoaderDispatch.dispatch(ContextClassLoaderDispatch.java:33)
	at org.gradle.internal.dispatch.ProxyDispatchAdapter$DispatchingInvocationHandler.invoke(ProxyDispatchAdapter.java:94)
	at jdk.proxy1/jdk.proxy1.$Proxy2.processTestClass(Unknown Source)
	at org.gradle.api.internal.tasks.testing.worker.TestWorker$2.run(TestWorker.java:176)
	at org.gradle.api.internal.tasks.testing.worker.TestWorker.executeAndMaintainThreadName(TestWorker.java:129)
	at org.gradle.api.internal.tasks.testing.worker.TestWorker.execute(TestWorker.java:100)
	at org.gradle.api.internal.tasks.testing.worker.TestWorker.execute(TestWorker.java:60)
	at org.gradle.process.internal.worker.child.ActionExecutionWorker.execute(ActionExecutionWorker.java:56)
	at org.gradle.process.internal.worker.child.SystemApplicationClassLoaderWorker.call(SystemApplicationClassLoaderWorker.java:113)
	at org.gradle.process.internal.worker.child.SystemApplicationClassLoaderWorker.call(SystemApplicationClassLoaderWorker.java:65)
	at worker.org.gradle.process.internal.worker.GradleWorkerMain.run(GradleWorkerMain.java:69)
	at worker.org.gradle.process.internal.worker.GradleWorkerMain.main(GradleWorkerMain.java:74)
INFO	2024-08-11 19:35:53,896	137	com.yomahub.liteflow.slot.Slot	[Test worker]	[735abad49cc8408380441efcf5fff581]:ROLLBACK_CHAIN_NAME[chain1]

INFO	2024-08-11 19:35:53,896	137	com.yomahub.liteflow.slot.Slot	[Test worker]	[735abad49cc8408380441efcf5fff581]:CHAIN_NAME[chain1]
a<1>
INFO	2024-08-11 19:35:53,896	137	com.yomahub.liteflow.slot.DataBus	[Test worker]	[735abad49cc8408380441efcf5fff581]:slot[0] released
INFO	2024-08-11 19:36:11,153	0	com.yomahub.liteflow.core.FlowExecutor	[Test worker]	flow info loaded from local file,path=liteflow/flow.el.xml
INFO	2024-08-11 19:36:11,277	124	com.yomahub.liteflow.core.FlowExecutor	[Test worker]	flow info loaded from local file,path=liteflow/flow.el.xml
INFO	2024-08-11 19:36:11,280	127	com.yomahub.liteflow.core.FlowExecutor	[Test worker]	[ec0972af08b246bc88ff8134aff1d633]:requestId has generated
INFO	2024-08-11 19:36:11,280	127	com.yomahub.liteflow.core.FlowExecutor	[Test worker]	[ec0972af08b246bc88ff8134aff1d633]:slot[0] offered
INFO	2024-08-11 19:36:11,281	128	com.yomahub.liteflow.flow.element.Node	[Test worker]	[ec0972af08b246bc88ff8134aff1d633]:[O]start component[a] execution
INFO	2024-08-11 19:36:11,282	129	com.muxu.demo.spring.utils.liteflow.ACmp	[Test worker]	[ec0972af08b246bc88ff8134aff1d633]:component[a] finished in 0 milliseconds
INFO	2024-08-11 19:36:11,283	130	com.yomahub.liteflow.flow.element.Node	[Test worker]	[ec0972af08b246bc88ff8134aff1d633]:[O]start component[b] execution
INFO	2024-08-11 19:36:11,283	130	com.muxu.demo.spring.utils.liteflow.BCmp	[Test worker]	[ec0972af08b246bc88ff8134aff1d633]:component[b] finished in 0 milliseconds
INFO	2024-08-11 19:36:11,283	130	com.yomahub.liteflow.flow.element.Node	[Test worker]	[ec0972af08b246bc88ff8134aff1d633]:[O]start component[c] execution
INFO	2024-08-11 19:36:11,283	130	com.muxu.demo.spring.utils.liteflow.CCmp	[Test worker]	[ec0972af08b246bc88ff8134aff1d633]:component[c] finished in 0 milliseconds
INFO	2024-08-11 19:36:11,283	130	com.yomahub.liteflow.slot.Slot	[Test worker]	[ec0972af08b246bc88ff8134aff1d633]:CHAIN_NAME[chain1]
a<0>==>b<0>==>c<0>
INFO	2024-08-11 19:36:11,283	130	com.yomahub.liteflow.slot.DataBus	[Test worker]	[ec0972af08b246bc88ff8134aff1d633]:slot[0] released
INFO	2024-08-11 19:43:46,481	0	com.yomahub.liteflow.core.FlowExecutor	[Test worker]	flow info loaded from local file,path=liteflow/flow.el.xml
INFO	2024-08-11 19:43:46,602	121	com.yomahub.liteflow.core.FlowExecutor	[Test worker]	flow info loaded from local file,path=liteflow/flow.el.xml
INFO	2024-08-11 19:43:46,606	125	com.yomahub.liteflow.core.FlowExecutor	[Test worker]	[0e47db101b1740da90a7fec79440bd3a]:requestId has generated
INFO	2024-08-11 19:43:46,606	125	com.yomahub.liteflow.core.FlowExecutor	[Test worker]	[0e47db101b1740da90a7fec79440bd3a]:slot[0] offered
INFO	2024-08-11 19:43:46,606	125	com.yomahub.liteflow.flow.element.Node	[Test worker]	[0e47db101b1740da90a7fec79440bd3a]:[O]start component[a] execution
INFO	2024-08-11 19:43:46,608	127	com.muxu.demo.spring.utils.liteflow.ACmp	[Test worker]	[0e47db101b1740da90a7fec79440bd3a]:component[a] finished in 0 milliseconds
INFO	2024-08-11 19:43:46,608	127	com.yomahub.liteflow.flow.element.Node	[Test worker]	[0e47db101b1740da90a7fec79440bd3a]:[O]start component[b] execution
INFO	2024-08-11 19:43:46,609	128	com.muxu.demo.spring.utils.liteflow.BCmp	[Test worker]	[0e47db101b1740da90a7fec79440bd3a]:component[b] finished in 0 milliseconds
INFO	2024-08-11 19:43:46,609	128	com.yomahub.liteflow.flow.element.Node	[Test worker]	[0e47db101b1740da90a7fec79440bd3a]:[O]start component[c] execution
INFO	2024-08-11 19:43:46,609	128	com.muxu.demo.spring.utils.liteflow.CCmp	[Test worker]	[0e47db101b1740da90a7fec79440bd3a]:component[c] finished in 0 milliseconds
INFO	2024-08-11 19:43:46,609	128	com.yomahub.liteflow.slot.Slot	[Test worker]	[0e47db101b1740da90a7fec79440bd3a]:CHAIN_NAME[chain1]
a<0>==>b<0>==>c<0>
INFO	2024-08-11 19:43:46,609	128	com.yomahub.liteflow.slot.DataBus	[Test worker]	[0e47db101b1740da90a7fec79440bd3a]:slot[0] released
